[www.gleanslo.org/index.html]
[backblue.gif]
[fade.gif]
[index.html]
[www.gleanslo.org/fonts/digital-7.ttf]
[www.gleanslo.org/includes/photoswap.js]
[www.gleanslo.org/images/banners/home2014.png]
[www.gleanslo.org/mission.html]
[www.gleanslo.org/team.html]
[www.gleanslo.org/history.html]
[www.gleanslo.org/how.html]
[www.gleanslo.org/annual.html]
[www.gleanslo.org/FAQ.html]
[www.gleanslo.org/contact.html]
[www.gleanslo.org/employment.html]
[www.gleanslo.org/volunteer.html]
[www.gleanslo.org/site_registration.html]
[www.gleanslo.org/wish.html]
[www.gleanslo.org/supporters.html]
[www.gleanslo.org/sponsorship.html]
[www.gleanslo.org/vehicle.html]
[www.gleanslo.org/images/Nav buttons/FlickrIcon.png]
[www.gleanslo.org/harvestlist.html]
[www.gleanslo.org/images/Nav buttons/FacebookIcon.png]
[www.gleanslo.org/images/Nav buttons/BlogIcon.png]
[www.gleanslo.org/images/Nav buttons/Instagram.png]
[www.gleanslo.org/images/Nav buttons/youtube.png]
[www.gleanslo.org/upcoming.html]
[www.gleanslo.org/newsletter.html]
[www.gleanslo.org/awards.html]
[www.gleanslo.org/farmers.html]
[www.gleanslo.org/WordPress/index.html]
[www.gleanslo.org/photos.html]
[www.gleanslo.org/resources.html]
[www.gleanslo.org/Utilities/PagesIndex.php]
[www.gleanslo.org/logina91e.html]
[www.gleanslo.org/images/Nav buttons/gleanweb.png]
[translate.google.com/translate_a/element.22a0d8.delayed]
[www.gleanslo.org/index.html]
[www.gleanslo.org/gleanslo.css]
[www.gleanslo.org/images/banners/logobanner1.png]
[www.gleanslo.org/images/logos/logo-small.png]
[www.gleanslo.org/images/photos/MissionPage.jpg]
[www.gleanslo.org/mission.html]
[www.gleanslo.org/images/about/RoxanneSanders.jpg]
[www.gleanslo.org/images/about/EmilyWilson.jpg]
[www.gleanslo.org/images/about/ChuckAsmus.jpg]
[www.gleanslo.org/images/about/RossChenot.jpg]
[www.gleanslo.org/images/about/SallyBrooks-Schulke.jpg]
[www.gleanslo.org/images/about/Susan-McTaggart.jpg]
[www.gleanslo.org/images/about/Jennifer-Codron.jpg]
[www.gleanslo.org/images/about/Carolyn-Eicher.jpg]
[www.gleanslo.org/images/about/Kylee.jpg]
[www.gleanslo.org/images/about/AnnKetelaar.jpg]
[www.gleanslo.org/images/about/NicholasHustedt.jpg]
[www.gleanslo.org/images/about/SuzanneHustedt.jpg]
[www.gleanslo.org/team.html]
[www.gleanslo.org/history.html]
[www.gleanslo.org/images/howitworks.jpg]
[www.gleanslo.org/how.html]
[www.gleanslo.org/documents/2018_annualreport.pdf]
[www.gleanslo.org/documents/2017_annualreport.pdf]
[www.gleanslo.org/documents/2016_annualreport.pdf]
[www.gleanslo.org/documents/2015AnnualReportDig-smaller.pdf]
[www.gleanslo.org/documents/ANNUAL REPORT_FINAL_2-5.pdf]
[www.gleanslo.org/documents/2013AnnualReport.pdf]
[www.gleanslo.org/annual.html]
[www.gleanslo.org/images/banners/banner-1.jpg]
[www.gleanslo.org/pickerinsert.html]
[www.gleanslo.org/FAQ.html]
[www.gleanslo.org/contact.html]
[www.gleanslo.org/employment.html]
[www.gleanslo.org/images/banners/Jahan.jpg]
[www.gleanslo.org/images/photos/volunteerpage-1.jpg]
[www.gleanslo.org/images/photos/volunteerpage-2.jpg]
[www.gleanslo.org/images/photos/volunteerpage-4.jpg]
[www.gleanslo.org/images/photos/volunteerpage-3.jpg]
[www.gleanslo.org/Pickers/NewPickers.html]
[www.gleanslo.org/Pickers/MyPage.html]
[www.gleanslo.org/Pickers/ContactUpdateLink.html]
[www.gleanslo.org/Pickers/CurrentSignups.html]
[www.gleanslo.org/Pickers/AttendanceRequest.html]
[www.gleanslo.org/volunteer.html]
[www.gleanslo.org/Pickers/ParticipationTerms.html]
[www.google.com/recaptcha/api.js]
[www.gleanslo.org/site_registration.html]
[www.gleanslo.org/wish.html]
[www.gleanslo.org/images/Nav buttons/donate-larger-green.png]
[www.gleanslo.org/images/photos/supporters1.jpg]
[www.gleanslo.org/images/photos/supporters2.jpg]
[www.gleanslo.org/images/photos/supporters3.jpg]
[www.gleanslo.org/supporters.html]
[www.norwesco.com/_site_components/uploads/images/distributor_logos/Farm Supply.jpg]
[www.gleanslo.org/images/logos/Joebella.jpg]
[www.gleanslo.org/images/logos/NWE_Logo_Black_PRCA.png]
[www.gleanslo.org/images/logos/LogoWordsOnly.jpg]
[www.gleanslo.org/sponsorship.html]
[www.gleanslo.org/vehicle.html]
[www.gleanslo.org/harvestlist-m.html]
[www.gleanslo.org/images/Facebook.png]
[www.gleanslo.org/harvestlist.html]
[gleanslo.org/images/gallery/7.jpg]
[www.gleanslo.org/upcoming.html]
[www.gleanslo.org/newsletter.html]
[www.gleanslo.org/documents/CheckPresentationArticle.pdf]
[www.gleanslo.org/documents/NTgleanslo.pdf]
[www.gleanslo.org/images/KCOY3-8-14.png]
[www.gleanslo.org/images/Tribune3-6-14.png]
[www.gleanslo.org/images/SLOCityNews3-6-14.png]
[www.gleanslo.org/images/NewTimes3-6-14.png]
[www.gleanslo.org/documents/Atascadero2013-07-19.pdf]
[www.gleanslo.org/documents/Good news-gleanSLO - Nov 29, 2012, 10-24 AM.pdf]
[www.gleanslo.org/documents/GleanSLO good news - Nov 14, 2012, 9-23 AM.pdf]
[www.gleanslo.org/documents/slo byh brochure-2.jpg]
[www.gleanslo.org/documents/Edible SLO 2010 - Mar 7, 2013, 12-42 PM.pdf]
[www.gleanslo.org/documents/Fruit Gardener Magazine_CRFG.pdf]
[www.gleanslo.org/awards.html]
[www.gleanslo.org/WordPress/index.html]
[www.gleanslo.org/images/FarmersAndGrowersPage.jpg]
[www.gleanslo.org/images/Nav buttons/DonateCrop.png]
[www.gleanslo.org/farmers.html]
[www.gleanslo.org/images/flickr-logo.png]
[www.gleanslo.org/documents/GleanSLO2.mp4]
[www.gleanslo.org/photos.html]
[www.gleanslo.org/documents/GleanSLO-Survey-Results.pdf]
[www.gleanslo.org/documents/60195.pdf]
[www.gleanslo.org/documents/FINAL_ClimateFriendlyFood_08-26-2014.pdf]
[www.gleanslo.org/images/logos/OutsideIn_logofinal.jpg]
[www.gleanslo.org/resources.html]
[www.gleanslo.org/logina91e.html]
[translate.google.com/translate_a/elementa0d8.html]
[www.gleanslo.org/documents/Release-Waiver-2016-05.pdf]
[www.gleanslo.org/pickerinsert.html]
[www.gleanslo.org/Pickers/NewPickers.html]
[www.gleanslo.org/Pickers/MyPage.html]
[www.gleanslo.org/Pickers/ContactUpdateLink.html]
[www.gleanslo.org/Pickers/CurrentSignups.html]
[www.gleanslo.org/Pickers/AttendanceRequest.html]
[www.gleanslo.org/Pickers/ParticipationTerms.html]
[static1.squarespace.com/static/5566017be4b0e7bfbea7d23a/56e7b39201dbae088001c9cd/56e7b39201dbae088001c9cf/1446570847844/rabo+long.png]
[www.gleanslo.org/harvestlist-m.html]
[www.gleanslo.org/images/KSBY article.html]
[www.gleanslo.org/Pickers/images/Nav buttons/gleanweb.html]
